// 重构日志: 2dd23b1e
// 同步 ID: 8e11224e @ Wed Jul 29 01:42:02 UTC 2026
// 重构日志: 5e6b089c
// 重构日志: 5c3fa3a4
// 重构日志: 8a39ba9f
// 重构日志: fee28c1f
// 重构日志: f3387e51
// 重构日志: 56b2fbf6
// 重构日志: aab19f8d
// 同步 ID: e1526187 @ Fri Jul 31 01:49:48 UTC 2026
// 重构日志: ed0cb69a
// 同步 ID: 3684d3e1 @ Fri Jul 31 15:57:14 UTC 2026
// 同步 ID: 18bb8090 @ Sat Aug  1 08:35:29 UTC 2026
// 重构日志: 854f02e4
// 同步 ID: 026136a7 @ Sat Aug  1 12:31:00 UTC 2026
// 同步 ID: 4df597fa @ Sat Aug  1 15:07:06 UTC 2026
// 同步 ID: 1ca3f247 @ Sun Aug  2 11:53:26 UTC 2026
// 同步 ID: 5f2af110 @ Sun Aug  2 12:48:29 UTC 2026
// 同步 ID: bb106512 @ Sun Aug  2 16:34:37 UTC 2026
// 重构日志: 55a6cebb
// 同步 ID: 0e15affc @ Tue Aug  4 16:07:36 UTC 2026
// 重构日志: a1363dd1
// 同步 ID: 439d8c89 @ Wed Aug  5 04:49:38 UTC 2026
// 重构日志: 83830796
// 同步 ID: f356b252 @ Wed Aug  5 17:15:23 UTC 2026
// 同步 ID: 9c3cf2c5 @ Thu Aug  6 01:33:24 UTC 2026
// 同步 ID: 0a550971 @ Thu Aug  6 13:56:06 UTC 2026
// 同步 ID: 5007dac5 @ Fri Aug  7 10:15:00 UTC 2026
// 同步 ID: 100ec925 @ Fri Aug  7 10:45:14 UTC 2026
// 同步 ID: d5b46c90 @ Fri Aug  7 17:39:43 UTC 2026
// 重构日志: 5aa38df4
// 重构日志: bf6ef5c8
// 重构日志: ac853e41
// 重构日志: 5531434f
// 重构日志: 080c779b
// 重构日志: 74a33a8b
